
> mxstermind-preview@0.1.0 cf:build
> npm ci --prefix web --include=dev && npm run cf:build --prefix web

npm : npm warn tar TAR_ENTRY_ERROR EPERM: operation not permitted, open 'C:\Users\user\Desktop\TheOne\web\node_modules\@esbuild\win32-x64\esbuild.exe'
At line:1 char:1
+ npm run cf:build 2>&1 | Tee-Object -FilePath build-output.txt ; if (T ...
+ ~~~~~~~~~~~~~~~~~~~~~
    + CategoryInfo          : NotSpecified: (npm warn tar TA...64\esbuild.exe':String) [], RemoteException
    + FullyQualifiedErrorId : NativeCommandError
 
npm warn tar TAR_ENTRY_ERROR EPERM: operation not permitted, open 
'C:\Users\user\Desktop\TheOne\web\node_modules\wrangler\node_modules\@esbuild\win32-x64\esbuild.exe'
npm warn tar TAR_ENTRY_ERROR EPERM: operation not permitted, open 
'C:\Users\user\Desktop\TheOne\web\node_modules\@ast-grep\napi-win32-x64-msvc\ast-grep-napi.win32-x64-msvc.node'
npm warn tar TAR_ENTRY_ERROR EPERM: operation not permitted, open 
'C:\Users\user\Desktop\TheOne\web\node_modules\@next\swc-win32-x64-msvc\next-swc.win32-x64-msvc.node'
npm warn deprecated inflight@1.0.6: This module is not supported, and leaks memory. Do not use it. Check out lru-cache if you want a good and tested way 
to coalesce async requests by a key value, which is much more comprehensive and powerful.
npm warn deprecated @humanwhocodes/config-array@0.13.0: Use @eslint/config-array instead
npm warn deprecated rimraf@3.0.2: Rimraf versions prior to v4 are no longer supported
npm warn deprecated glob@7.2.3: Old versions of glob are not supported, and contain widely publicized security vulnerabilities, which have been fixed in 
the current version. Please update. Support for old versions may be purchased (at exorbitant rates) by contacting i@izs.me
npm warn cleanup Failed to remove some directories [
npm warn cleanup   [
npm warn cleanup     'C:\\Users\\user\\Desktop\\TheOne\\web\\node_modules\\next',
npm warn cleanup     [Error: ENOTEMPTY: directory not empty, rmdir 'C:\Users\user\Desktop\TheOne\web\node_modules\next\dist\api'] {
npm warn cleanup       errno: -4051,
npm warn cleanup       code: 'ENOTEMPTY',
npm warn cleanup       syscall: 'rmdir',
npm warn cleanup       path: 'C:\\Users\\user\\Desktop\\TheOne\\web\\node_modules\\next\\dist\\api'
npm warn cleanup     }
npm warn cleanup   ],
npm warn cleanup   [
npm warn cleanup     'C:\\Users\\user\\Desktop\\TheOne\\web\\node_modules\\cloudflare',
npm warn cleanup     [Error: ENOTEMPTY: directory not empty, rmdir 'C:\Users\user\Desktop\TheOne\web\node_modules\cloudflare\resources\kv'] {
npm warn cleanup       errno: -4051,
npm warn cleanup       code: 'ENOTEMPTY',
npm warn cleanup       syscall: 'rmdir',
npm warn cleanup       path: 'C:\\Users\\user\\Desktop\\TheOne\\web\\node_modules\\cloudflare\\resources\\kv'
npm warn cleanup     }
npm warn cleanup   ]
npm warn cleanup ]
npm error code ENOTEMPTY
npm error syscall rmdir
npm error path C:\Users\user\Desktop\TheOne\web\node_modules\youch-core\build\src
npm error errno -4051
npm error ENOTEMPTY: directory not empty, rmdir 'C:\Users\user\Desktop\TheOne\web\node_modules\youch-core\build\src'
npm error A complete log of this run can be found in: C:\Users\user\AppData\Local\npm-cache\_logs\2026-04-21T21_33_54_967Z-debug-0.log
